<html>
<body>
<pre>
<h1>µVision Build Log</h1>
<h2>Tool Versions:</h2>
IDE-Version: ¦ÌVision V5.20.0.0
Copyright (C) 2016 ARM Ltd and ARM Germany GmbH. All rights reserved.
License Information: zhu wei, dbdx, LIC=9N0WF-6GZBP-667QS-LWMHN-HCELG-1YJ7A
 
Tool Versions:
Toolchain:       MDK-ARM Professional  Version: 5.20
Toolchain Path:  C:\Keil_v5\ARM\ARMCC\Bin
C Compiler:      Armcc.exe V5.06 update 2 (build 183)
Assembler:       Armasm.exe V5.06 update 2 (build 183)
Linker/Locator:  ArmLink.exe V5.06 update 2 (build 183)
Library Manager: ArmAr.exe V5.06 update 2 (build 183)
Hex Converter:   FromElf.exe V5.06 update 2 (build 183)
CPU DLL:         SARMCM3.DLL V5.20
Dialog DLL:      DARMSTM.DLL V1.66.0.0
Target DLL:      STLink\ST-LINKIII-KEIL_SWO.dll V2.0.18.0
Dialog DLL:      TARMSTM.DLL V1.65.0.0
 
<h2>Project:</h2>
C:\Users\zhuwei\Documents\GitHub\BalancedCar_stm32f103\USER\Minibalance.uvproj
Project File Date:  12/30/2016

<h2>Output:</h2>
*** Using Compiler 'V5.06 update 2 (build 183)', folder: 'C:\Keil_v5\ARM\ARMCC\Bin'
*** Note: Rebuilding project, since 'Options->Output->Create Batch File' is selected.
Rebuild target 'Template'
assembling startup_stm32f10x_md.s...
compiling Minibalance.c...
compiling delay.c...
compiling sys.c...
compiling usart.c...
compiling Led.c...
compiling Timer.c...
compiling I2c.c...
compiling Mpu6050.c...
compiling Imu.c...
linking...
Program Size: Code=9900 RO-data=428 RW-data=120 ZI-data=1648  
FromELF: creating hex file...
"..\OBJ\Minibalance.axf" - 0 Error(s), 0 Warning(s).
Build Time Elapsed:  00:00:03
</pre>
</body>
</html>
