<html>
<body>
<pre>
<h1>µVision Build Log</h1>
<h2>Tool Versions:</h2>
IDE-Version: ¦ÌVision V5.20.0.0
Copyright (C) 2016 ARM Ltd and ARM Germany GmbH. All rights reserved.
License Information: zhu wei, dbdx, LIC=9N0WF-6GZBP-667QS-LWMHN-HCELG-1YJ7A
 
Tool Versions:
Toolchain:       MDK-ARM Professional  Version: 5.20
Toolchain Path:  C:\Keil_v5\ARM\ARMCC\Bin
C Compiler:      Armcc.exe V5.06 update 2 (build 183)
Assembler:       Armasm.exe V5.06 update 2 (build 183)
Linker/Locator:  ArmLink.exe V5.06 update 2 (build 183)
Library Manager: ArmAr.exe V5.06 update 2 (build 183)
Hex Converter:   FromElf.exe V5.06 update 2 (build 183)
CPU DLL:         SARMCM3.DLL V5.20
Dialog DLL:      DARMSTM.DLL V1.66.0.0
Target DLL:      STLink\ST-LINKIII-KEIL_SWO.dll V2.0.18.0
Dialog DLL:      TARMSTM.DLL V1.65.0.0
 
<h2>Project:</h2>
C:\Users\zhuwei\Documents\GitHub\BalancedCar_stm32f103\USER\Minibalance.uvproj
Project File Date:  12/14/2016

<h2>Output:</h2>
*** Using Compiler 'V5.06 update 2 (build 183)', folder: 'C:\Keil_v5\ARM\ARMCC\Bin'
*** Note: Rebuilding project, since 'Options->Output->Create Batch File' is selected.
Rebuild target 'Template'
assembling startup_stm32f10x_md.s...
compiling Minibalance.c...
Minibalance.c(57): warning:  #223-D: function "EXTI9_5_IRQHandler" declared implicitly
                EXTI9_5_IRQHandler();
Minibalance.c: 1 warning, 0 errors
compiling delay.c...
compiling sys.c...
compiling usart.c...
compiling LED.C...
compiling key.c...
compiling oled.c...
compiling adc.c...
compiling timer.c...
compiling motor.c...
compiling encoder.c...
compiling IOI2C.c...
compiling usart3.c...
compiling exti.c...
compiling control.c...
..\BALANCE\CONTROL\control.c(111): warning:  #550-D: variable "Movement" was set but never used
       static float Encoder_Least,Encoder,Movement;
..\BALANCE\CONTROL\control.c: 1 warning, 0 errors
compiling filter.c...
compiling MPU6050.c...
compiling show.c...
compiling DataScope_DP.C...
compiling inv_mpu.c...
compiling inv_mpu_dmp_motion_driver.c...
linking...
Program Size: Code=30324 RO-data=3732 RW-data=412 ZI-data=1812  
FromELF: creating hex file...
"..\OBJ\Minibalance.axf" - 0 Error(s), 2 Warning(s).
Build Time Elapsed:  00:00:08
</pre>
</body>
</html>
